Parsed test spec with 1 sessions

starting permutation: dummy
step dummy: select 1;
?column?
--------
       1
(1 row)

